


ARM Macro Assembler    Page 1 


    1 00000000                 thumb
    2 00000000                 area             moncode, code, readonly
    3 00000000         
    4 00000000 40010C10 
                       GPIOB_BSRR
                               equ              0x40010C10  ; Bit Set/Reset reg
                                                            ister
    5 00000000                 extern           current_value
    6 00000000                 export           timer_callback
    7 00000000         
    8 00000000         timer_callback
                               proc
    9 00000000 4A08            ldr              r2, =current_value
   10 00000002 6810            ldr              r0, [r2]
   11 00000004 4B08            ldr              r3, =GPIOB_BSRR
   12 00000006 DE00            cbnz             r0, zero
   13 00000008         
   14 00000008         ; mise a 1 de PB1
   15 00000008 F04F 0102       mov              r1, #0x00000002
   16 0000000C 6019            str              r1, [r3]
   17 0000000E F04F 0101       mov              r1, #1
   18 00000012 6011            str              r1,  [r2]
   19 00000014 4770            bx               lr
   20 00000016         
   21 00000016         ; mise a 0 de PB1
   22 00000016 F44F 3100       mov              r1, #0x00020000
   23 0000001A 6019            str              r1, [r3]
   24 0000001C F04F 0100       mov              r1, #0
   25 00000020 6011            str              r1,  [r2]
   26 00000022 4770            bx               lr
   27 00000024         
   28 00000024                 endp
   29 00000024                 end
              00000000 
              40010C10 
Command Line: --debug --xref --diag_suppress=9931 --cpu=Cortex-M3 --apcs=interw
ork --depend=.\obj\carre.d -o.\obj\carre.o -I.\RTE\_Simu -IC:\Users\Mathieu\App
Data\Local\Arm\Packs\ARM\CMSIS\5.6.0\CMSIS\Core\Include -IC:\Users\Mathieu\AppD
ata\Local\Arm\Packs\Keil\STM32F1xx_DFP\2.3.0\Device\Include --predefine="__EVAL
 SETA 1" --predefine="__MICROLIB SETA 1" --predefine="__UVISION_VERSION SETA 52
9" --predefine="_RTE_ SETA 1" --predefine="STM32F10X_MD SETA 1" --list=carre.ls
t Src\Carre.s
